T6840059.java:15:9: compiler.err.cant.apply.symbol.1: kindname.constructor, T6840059, java.lang.Integer, java.lang.String, kindname.class, T6840059, (compiler.misc.no.conforming.assignment.exists: java.lang.String, java.lang.Integer)
T6840059.java:15:25: compiler.err.cant.apply.symbol.1: kindname.constructor, T6840059, java.lang.Integer, compiler.misc.no.args, kindname.class, T6840059, (compiler.misc.arg.length.mismatch)
2 errors
