LocalClasses_2.java:15:13: compiler.err.already.defined: Local, foo()
1 error
