Fatal Error: Unable to find package java.lang in classpath or bootclasspath
