T6722234d.java:18:20: compiler.err.prob.found.req: (compiler.misc.incompatible.types), compiler.misc.intersection.type: 1, T6722234d.A
- compiler.misc.where.description.intersection: compiler.misc.intersection.type: 1,{(compiler.misc.where.intersection: compiler.misc.intersection.type: 1, java.lang.Object,T6722234d.I1,T6722234d.I2)}
1 error
