js> 7.0
js> 35.0
js> 35 is the value
js> yes v != 0
js> hello world from script
js> I am runnable
js> 