SemanticErrorTest.java:11:46: compiler.err.repeated.interface
- compiler.err.proc.messager: Deliberate Error
SemanticErrorTest.java:11:46: compiler.err.repeated.interface
2 errors
