T6860795.java:10:27: compiler.err.already.defined: x, foo
1 error
