T6264029.java:15:19: compiler.warn.unchecked.call.mbr.of.raw.type: T6264029A(K), T6264029A
T6264029.java:15:41: compiler.warn.unchecked.call.mbr.of.raw.type: T6264029A(K), T6264029A
2 warnings
