T6910550d.java:12:14: compiler.err.already.defined: <X>m(X), T6910550d
1 error
