T6723444.java:42:9: compiler.err.unreported.exception.need.to.catch.or.throw: X2
T6723444.java:43:9: compiler.err.unreported.exception.need.to.catch.or.throw: X2
T6723444.java:45:32: compiler.err.unreported.exception.need.to.catch.or.throw: java.lang.Throwable
T6723444.java:46:17: compiler.err.unreported.exception.need.to.catch.or.throw: java.lang.Throwable
T6723444.java:48:9: compiler.err.unreported.exception.need.to.catch.or.throw: java.lang.Throwable
T6723444.java:49:9: compiler.err.unreported.exception.need.to.catch.or.throw: java.lang.Throwable
T6723444.java:50:9: compiler.err.unreported.exception.need.to.catch.or.throw: java.lang.Throwable
T6723444.java:51:9: compiler.err.unreported.exception.need.to.catch.or.throw: java.lang.Throwable
T6723444.java:52:9: compiler.err.unreported.exception.need.to.catch.or.throw: java.lang.Throwable
T6723444.java:53:9: compiler.err.unreported.exception.need.to.catch.or.throw: java.lang.Throwable
T6723444.java:54:9: compiler.err.unreported.exception.need.to.catch.or.throw: java.lang.Throwable
T6723444.java:55:9: compiler.err.unreported.exception.need.to.catch.or.throw: java.lang.Throwable
12 errors
