T6799605.java:17:9: compiler.err.cant.apply.symbols: kindname.method, m, T6799605<compiler.misc.type.captureof: 1, ?>,{(compiler.misc.inapplicable.method: kindname.method, T6799605, <T>m(T6799605<T>,T6799605<T>,T6799605<T>), (compiler.misc.infer.arg.length.mismatch)),(compiler.misc.inapplicable.method: kindname.method, T6799605, <T>m(T6799605<T>,T6799605<T>), (compiler.misc.infer.arg.length.mismatch)),(compiler.misc.inapplicable.method: kindname.method, T6799605, <T>m(T6799605<T>), (compiler.misc.inferred.do.not.conform.to.bounds: compiler.misc.type.captureof: 1, ?, T6799605<compiler.misc.type.captureof: 1, ?>))}
T6799605.java:18:9: compiler.err.cant.apply.symbols: kindname.method, m, T6799605<compiler.misc.type.captureof: 1, ?>,T6799605<compiler.misc.type.captureof: 2, ?>,{(compiler.misc.inapplicable.method: kindname.method, T6799605, <T>m(T6799605<T>,T6799605<T>,T6799605<T>), (compiler.misc.infer.arg.length.mismatch)),(compiler.misc.inapplicable.method: kindname.method, T6799605, <T>m(T6799605<T>,T6799605<T>), (compiler.misc.infer.no.conforming.assignment.exists: T, T6799605<compiler.misc.type.captureof: 2, ?>, T6799605<T>)),(compiler.misc.inapplicable.method: kindname.method, T6799605, <T>m(T6799605<T>), (compiler.misc.infer.arg.length.mismatch))}
T6799605.java:19:9: compiler.err.cant.apply.symbols: kindname.method, m, T6799605<compiler.misc.type.captureof: 1, ?>,T6799605<compiler.misc.type.captureof: 2, ?>,T6799605<compiler.misc.type.captureof: 3, ?>,{(compiler.misc.inapplicable.method: kindname.method, T6799605, <T>m(T6799605<T>,T6799605<T>,T6799605<T>), (compiler.misc.infer.no.conforming.assignment.exists: T, T6799605<compiler.misc.type.captureof: 2, ?>, T6799605<T>)),(compiler.misc.inapplicable.method: kindname.method, T6799605, <T>m(T6799605<T>,T6799605<T>), (compiler.misc.infer.arg.length.mismatch)),(compiler.misc.inapplicable.method: kindname.method, T6799605, <T>m(T6799605<T>), (compiler.misc.infer.arg.length.mismatch))}
3 errors
