Test.java:9:1: compiler.err.already.defined.static.single.import: f
1 error
