Neg06.java:16:37: compiler.err.cant.apply.diamond.1: (compiler.misc.diamond: Neg06.CFoo), (compiler.misc.infer.no.conforming.instance.exists: X, Neg06.CFoo<X>, Neg06.CSuperFoo<java.lang.String>)
1 error
