Neg10.java:16:22: compiler.err.prob.found.req: (compiler.misc.incompatible.types), Neg10.Foo<java.lang.Integer>, Neg10.Foo<java.lang.Number>
1 error
