   frame_type = 255 /* full_frame */
   frame_type = 255 /* full_frame */
   frame_type = 73 /* same_locals_1_stack_item */
   frame_type = 255 /* full_frame */
     offset_delta = 19
     offset_delta = 0
     offset_delta = 2
     stack = [ uninitialized 0, uninitialized 0 ]
     stack = [ uninitialized 0, uninitialized 0, double ]
     stack = [ this ]
     stack = [ this, double ]
     locals = [ class "[Ljava/lang/String;" ]
     locals = [ class "[Ljava/lang/String;" ]
     locals = [ this, int ]
