T6857948.java:16:32: compiler.err.cant.resolve.location.args: kindname.method, nosuchfunction, , , (compiler.misc.location: kindname.class, Test, null)
T6857948.java:16:50: compiler.err.cant.apply.symbol.1: kindname.constructor, Foo, java.lang.String, compiler.misc.no.args, kindname.class, Foo, (compiler.misc.arg.length.mismatch)
2 errors
