DuplicateResourceDecl.java:12:45: compiler.err.already.defined: c, main(java.lang.String[])
1 error
