ResourceInterface.java:38:13: compiler.err.unreported.exception.implicit.close: ResourceInterface.E1, r2
1 error
