T6638712c.java:16:9: compiler.err.cant.apply.symbol.1: kindname.method, sort, T[],java.util.Comparator<? super T>, java.lang.Enum[],java.util.Comparator<java.lang.Enum<?>>, kindname.class, T6638712c, (compiler.misc.no.conforming.assignment.exists: java.util.Comparator<java.lang.Enum<?>>, java.util.Comparator<? super java.lang.Enum>)
1 error
