T6638712d.java:16:9: compiler.err.cant.apply.symbol.1: kindname.method, m, U,java.util.List<java.util.List<U>>, int,java.util.List<java.util.List<java.lang.String>>, kindname.class, T6638712d, (compiler.misc.no.conforming.assignment.exists: int, java.lang.String)
1 error
