T6638712b.java:14:21: compiler.err.prob.found.req: (compiler.misc.incompatible.types.1: (compiler.misc.infer.no.conforming.instance.exists: T, T, java.lang.String)), <T>T, java.lang.String
1 error
