T6638712e.java:17:27: compiler.err.prob.found.req: (compiler.misc.incompatible.types.1: (compiler.misc.infer.no.conforming.instance.exists: X, T6638712e.Foo<X,java.lang.String>, T6638712e.Foo<java.lang.Object,java.lang.String>)), <X>T6638712e.Foo<X,java.lang.String>, T6638712e.Foo<java.lang.Object,java.lang.String>
1 error
