T6638712a.java:16:41: compiler.err.prob.found.req: (compiler.misc.incompatible.types.1: (compiler.misc.infer.no.conforming.instance.exists: T, java.util.Comparator<T>, java.util.Comparator<java.lang.String>)), <T>java.util.Comparator<T>, java.util.Comparator<java.lang.String>
1 error
