T7015430.java:41:15: compiler.warn.prob.found.req: (compiler.misc.unchecked.assign), java.lang.Iterable, java.lang.Iterable<E>
T7015430.java:41:14: compiler.warn.unchecked.meth.invocation.applied: kindname.method, empty, java.lang.Iterable<E>, java.lang.Iterable, kindname.class, T7015430
T7015430.java:50:42: compiler.warn.prob.found.req: (compiler.misc.unchecked.assign), java.lang.Iterable, java.lang.Iterable<java.lang.RuntimeException>
T7015430.java:50:41: compiler.warn.unchecked.meth.invocation.applied: kindname.method, empty, java.lang.Iterable<E>, java.lang.Iterable, kindname.class, T7015430
T7015430.java:68:22: compiler.warn.prob.found.req: (compiler.misc.unchecked.assign), java.lang.Iterable, java.lang.Iterable<E>
T7015430.java:68:9: compiler.warn.unchecked.meth.invocation.applied: kindname.constructor, <init>, java.lang.Iterable<E>, java.lang.Iterable, kindname.class, T7015430
T7015430.java:77:40: compiler.warn.prob.found.req: (compiler.misc.unchecked.assign), java.lang.Iterable, java.lang.Iterable<java.lang.RuntimeException>
T7015430.java:77:9: compiler.warn.unchecked.meth.invocation.applied: kindname.constructor, <init>, java.lang.Iterable<E>, java.lang.Iterable, kindname.class, T7015430
T7015430.java:104:41: compiler.warn.prob.found.req: (compiler.misc.unchecked.assign), java.lang.Iterable, java.lang.Iterable<java.lang.RuntimeException>
T7015430.java:104:9: compiler.warn.unchecked.meth.invocation.applied: kindname.constructor, <init>, java.lang.Iterable<E>, java.lang.Iterable, kindname.class, T7015430
T7015430.java:113:22: compiler.warn.prob.found.req: (compiler.misc.unchecked.assign), java.lang.Iterable, java.lang.Iterable<E>
T7015430.java:113:9: compiler.warn.unchecked.meth.invocation.applied: kindname.constructor, <init>, java.lang.Iterable<E>, java.lang.Iterable, kindname.class, T7015430
T7015430.java:41:14: compiler.err.unreported.exception.need.to.catch.or.throw: java.lang.Exception
T7015430.java:68:9: compiler.err.unreported.exception.need.to.catch.or.throw: java.lang.Exception
T7015430.java:95:15: compiler.err.unreported.exception.need.to.catch.or.throw: java.lang.Exception
T7015430.java:113:9: compiler.err.unreported.exception.need.to.catch.or.throw: java.lang.Exception
T7015430.java:129:9: compiler.err.unreported.exception.need.to.catch.or.throw: java.lang.Exception
5 errors
12 warnings
